2026-03-25 00:52:19,882 - INFO - ==================================================
2026-03-25 00:52:19,882 - INFO - 环境守护进程已启动
2026-03-25 00:52:19,882 - INFO - 检查间隔：180秒
2026-03-25 00:52:19,882 - INFO - ==================================================
2026-03-25 00:52:21,030 - INFO - ✅ 后端 API 运行正常
2026-03-25 00:52:21,159 - WARNING - 前端页面 端口 8001 被占用 (PID: 79223)
2026-03-25 00:52:21,159 - INFO - 已终止进程 PID: 79223
2026-03-25 00:52:21,206 - WARNING - 前端页面 未运行，尝试启动...
2026-03-25 00:52:21,206 - INFO - 启动服务：前端页面
2026-03-25 00:52:29,253 - INFO - --------------------------------------------------
2026-03-25 00:52:29,254 - INFO - 检查完成：健康=1/2, 修复=0, 失败=1
2026-03-25 00:52:29,254 - INFO - 执行操作:
2026-03-25 00:52:29,254 - INFO -   - 强制释放 前端页面 端口 8001
2026-03-25 00:55:30,203 - INFO - ✅ 后端 API 运行正常
2026-03-25 00:55:30,330 - WARNING - 前端页面 端口 8001 被占用 (PID: 80589)
2026-03-25 00:55:30,330 - INFO - 已终止进程 PID: 80589
2026-03-25 00:55:30,371 - WARNING - 前端页面 未运行，尝试启动...
2026-03-25 00:55:30,371 - INFO - 启动服务：前端页面
2026-03-25 00:55:38,576 - INFO - --------------------------------------------------
2026-03-25 00:55:38,579 - INFO - 检查完成：健康=1/2, 修复=0, 失败=1
2026-03-25 00:55:38,579 - INFO - 执行操作:
2026-03-25 00:55:38,579 - INFO -   - 强制释放 前端页面 端口 8001
2026-03-25 00:58:39,578 - INFO - ✅ 后端 API 运行正常
2026-03-25 00:58:39,712 - WARNING - 前端页面 端口 8001 被占用 (PID: 80805)
2026-03-25 00:58:39,712 - INFO - 已终止进程 PID: 80805
2026-03-25 00:58:39,758 - WARNING - 前端页面 未运行，尝试启动...
2026-03-25 00:58:39,758 - INFO - 启动服务：前端页面
2026-03-25 00:58:47,810 - INFO - --------------------------------------------------
2026-03-25 00:58:47,810 - INFO - 检查完成：健康=1/2, 修复=0, 失败=1
2026-03-25 00:58:47,811 - INFO - 执行操作:
2026-03-25 00:58:47,811 - INFO -   - 强制释放 前端页面 端口 8001
2026-03-25 01:01:48,718 - INFO - ✅ 后端 API 运行正常
2026-03-25 01:01:48,817 - WARNING - 前端页面 端口 8001 被占用 (PID: 81058)
2026-03-25 01:01:48,817 - INFO - 已终止进程 PID: 81058
2026-03-25 01:01:48,858 - WARNING - 前端页面 未运行，尝试启动...
2026-03-25 01:01:48,858 - INFO - 启动服务：前端页面
2026-03-25 01:01:56,973 - INFO - --------------------------------------------------
2026-03-25 01:01:56,974 - INFO - 检查完成：健康=1/2, 修复=0, 失败=1
2026-03-25 01:01:56,974 - INFO - 执行操作:
2026-03-25 01:01:56,975 - INFO -   - 强制释放 前端页面 端口 8001
2026-03-25 01:04:57,853 - INFO - ✅ 后端 API 运行正常
2026-03-25 01:04:57,964 - WARNING - 前端页面 端口 8001 被占用 (PID: 81332)
2026-03-25 01:04:57,964 - INFO - 已终止进程 PID: 81332
2026-03-25 01:04:58,003 - WARNING - 前端页面 未运行，尝试启动...
2026-03-25 01:04:58,003 - INFO - 启动服务：前端页面
2026-03-25 01:05:06,049 - INFO - --------------------------------------------------
2026-03-25 01:05:06,049 - INFO - 检查完成：健康=1/2, 修复=0, 失败=1
2026-03-25 01:05:06,049 - INFO - 执行操作:
2026-03-25 01:05:06,049 - INFO -   - 强制释放 前端页面 端口 8001
2026-03-25 01:08:06,940 - INFO - ✅ 后端 API 运行正常
2026-03-25 01:08:07,039 - WARNING - 前端页面 端口 8001 被占用 (PID: 81596)
2026-03-25 01:08:07,039 - INFO - 已终止进程 PID: 81596
2026-03-25 01:08:07,082 - WARNING - 前端页面 未运行，尝试启动...
2026-03-25 01:08:07,082 - INFO - 启动服务：前端页面
2026-03-25 01:08:15,648 - INFO - --------------------------------------------------
2026-03-25 01:08:15,649 - INFO - 检查完成：健康=1/2, 修复=0, 失败=1
2026-03-25 01:08:15,649 - INFO - 执行操作:
2026-03-25 01:08:15,649 - INFO -   - 强制释放 前端页面 端口 8001
2026-03-25 01:11:16,554 - INFO - ✅ 后端 API 运行正常
2026-03-25 01:11:16,673 - WARNING - 前端页面 端口 8001 被占用 (PID: 81748)
2026-03-25 01:11:16,673 - INFO - 已终止进程 PID: 81748
2026-03-25 01:11:16,715 - WARNING - 前端页面 未运行，尝试启动...
2026-03-25 01:11:16,715 - INFO - 启动服务：前端页面
2026-03-25 01:11:24,857 - INFO - --------------------------------------------------
2026-03-25 01:11:24,858 - INFO - 检查完成：健康=1/2, 修复=0, 失败=1
2026-03-25 01:11:24,858 - INFO - 执行操作:
2026-03-25 01:11:24,858 - INFO -   - 强制释放 前端页面 端口 8001
2026-03-25 01:14:25,771 - INFO - ✅ 后端 API 运行正常
2026-03-25 01:14:25,898 - WARNING - 前端页面 端口 8001 被占用 (PID: 81882)
2026-03-25 01:14:25,898 - INFO - 已终止进程 PID: 81882
2026-03-25 01:14:25,939 - WARNING - 前端页面 未运行，尝试启动...
2026-03-25 01:14:25,940 - INFO - 启动服务：前端页面
2026-03-25 01:14:34,128 - INFO - --------------------------------------------------
2026-03-25 01:14:34,128 - INFO - 检查完成：健康=1/2, 修复=0, 失败=1
2026-03-25 01:14:34,128 - INFO - 执行操作:
2026-03-25 01:14:34,128 - INFO -   - 强制释放 前端页面 端口 8001
2026-03-25 01:17:35,010 - INFO - ✅ 后端 API 运行正常
2026-03-25 01:17:35,140 - WARNING - 前端页面 端口 8001 被占用 (PID: 82015)
2026-03-25 01:17:35,140 - INFO - 已终止进程 PID: 82015
2026-03-25 01:17:35,183 - WARNING - 前端页面 未运行，尝试启动...
2026-03-25 01:17:35,183 - INFO - 启动服务：前端页面
2026-03-25 01:17:43,484 - INFO - --------------------------------------------------
2026-03-25 01:17:43,488 - INFO - 检查完成：健康=1/2, 修复=0, 失败=1
2026-03-25 01:17:43,488 - INFO - 执行操作:
2026-03-25 01:17:43,488 - INFO -   - 强制释放 前端页面 端口 8001
2026-03-25 01:20:44,410 - INFO - ✅ 后端 API 运行正常
2026-03-25 01:20:44,518 - WARNING - 前端页面 端口 8001 被占用 (PID: 82137)
2026-03-25 01:20:44,518 - INFO - 已终止进程 PID: 82137
2026-03-25 01:20:44,561 - WARNING - 前端页面 未运行，尝试启动...
2026-03-25 01:20:44,562 - INFO - 启动服务：前端页面
2026-03-25 01:20:52,771 - INFO - --------------------------------------------------
2026-03-25 01:20:52,771 - INFO - 检查完成：健康=1/2, 修复=0, 失败=1
2026-03-25 01:20:52,771 - INFO - 执行操作:
2026-03-25 01:20:52,771 - INFO -   - 强制释放 前端页面 端口 8001
2026-03-25 01:23:53,645 - INFO - ✅ 后端 API 运行正常
2026-03-25 01:23:53,756 - WARNING - 前端页面 端口 8001 被占用 (PID: 82287)
2026-03-25 01:23:53,757 - INFO - 已终止进程 PID: 82287
2026-03-25 01:23:53,796 - WARNING - 前端页面 未运行，尝试启动...
2026-03-25 01:23:53,796 - INFO - 启动服务：前端页面
2026-03-25 01:24:01,839 - INFO - --------------------------------------------------
2026-03-25 01:24:01,839 - INFO - 检查完成：健康=1/2, 修复=0, 失败=1
2026-03-25 01:24:01,840 - INFO - 执行操作:
2026-03-25 01:24:01,840 - INFO -   - 强制释放 前端页面 端口 8001
2026-03-25 01:27:02,714 - INFO - ✅ 后端 API 运行正常
2026-03-25 01:27:02,837 - WARNING - 前端页面 端口 8001 被占用 (PID: 82411)
2026-03-25 01:27:02,837 - INFO - 已终止进程 PID: 82411
2026-03-25 01:27:02,870 - WARNING - 前端页面 未运行，尝试启动...
2026-03-25 01:27:02,870 - INFO - 启动服务：前端页面
2026-03-25 01:27:10,943 - INFO - --------------------------------------------------
2026-03-25 01:27:10,943 - INFO - 检查完成：健康=1/2, 修复=0, 失败=1
2026-03-25 01:27:10,943 - INFO - 执行操作:
2026-03-25 01:27:10,943 - INFO -   - 强制释放 前端页面 端口 8001
2026-03-25 01:30:11,830 - INFO - ✅ 后端 API 运行正常
2026-03-25 01:30:11,954 - WARNING - 前端页面 端口 8001 被占用 (PID: 82520)
2026-03-25 01:30:11,954 - INFO - 已终止进程 PID: 82520
2026-03-25 01:30:11,992 - WARNING - 前端页面 未运行，尝试启动...
2026-03-25 01:30:11,993 - INFO - 启动服务：前端页面
2026-03-25 01:30:20,118 - INFO - --------------------------------------------------
2026-03-25 01:30:20,119 - INFO - 检查完成：健康=1/2, 修复=0, 失败=1
2026-03-25 01:30:20,119 - INFO - 执行操作:
2026-03-25 01:30:20,119 - INFO -   - 强制释放 前端页面 端口 8001
2026-03-25 01:33:21,052 - INFO - ✅ 后端 API 运行正常
2026-03-25 01:33:21,173 - WARNING - 前端页面 端口 8001 被占用 (PID: 82664)
2026-03-25 01:33:21,174 - INFO - 已终止进程 PID: 82664
2026-03-25 01:33:21,207 - WARNING - 前端页面 未运行，尝试启动...
2026-03-25 01:33:21,208 - INFO - 启动服务：前端页面
2026-03-25 01:33:29,306 - INFO - --------------------------------------------------
2026-03-25 01:33:29,307 - INFO - 检查完成：健康=1/2, 修复=0, 失败=1
2026-03-25 01:33:29,307 - INFO - 执行操作:
2026-03-25 01:33:29,307 - INFO -   - 强制释放 前端页面 端口 8001
2026-03-25 01:36:30,220 - INFO - ✅ 后端 API 运行正常
2026-03-25 01:36:30,344 - WARNING - 前端页面 端口 8001 被占用 (PID: 82778)
2026-03-25 01:36:30,345 - INFO - 已终止进程 PID: 82778
2026-03-25 01:36:30,377 - WARNING - 前端页面 未运行，尝试启动...
2026-03-25 01:36:30,377 - INFO - 启动服务：前端页面
2026-03-25 01:36:38,540 - INFO - --------------------------------------------------
2026-03-25 01:36:38,544 - INFO - 检查完成：健康=1/2, 修复=0, 失败=1
2026-03-25 01:36:38,544 - INFO - 执行操作:
2026-03-25 01:36:38,544 - INFO -   - 强制释放 前端页面 端口 8001
2026-03-25 01:39:39,400 - INFO - ✅ 后端 API 运行正常
2026-03-25 01:39:39,494 - WARNING - 前端页面 端口 8001 被占用 (PID: 82902)
2026-03-25 01:39:39,494 - INFO - 已终止进程 PID: 82902
2026-03-25 01:39:39,527 - WARNING - 前端页面 未运行，尝试启动...
2026-03-25 01:39:39,527 - INFO - 启动服务：前端页面
2026-03-25 01:39:47,583 - INFO - --------------------------------------------------
2026-03-25 01:39:47,583 - INFO - 检查完成：健康=1/2, 修复=0, 失败=1
2026-03-25 01:39:47,583 - INFO - 执行操作:
2026-03-25 01:39:47,583 - INFO -   - 强制释放 前端页面 端口 8001
2026-03-25 01:42:48,488 - INFO - ✅ 后端 API 运行正常
2026-03-25 01:42:48,608 - WARNING - 前端页面 端口 8001 被占用 (PID: 83047)
2026-03-25 01:42:48,608 - INFO - 已终止进程 PID: 83047
2026-03-25 01:42:48,637 - WARNING - 前端页面 未运行，尝试启动...
2026-03-25 01:42:48,637 - INFO - 启动服务：前端页面
2026-03-25 01:42:56,679 - INFO - --------------------------------------------------
2026-03-25 01:42:56,679 - INFO - 检查完成：健康=1/2, 修复=0, 失败=1
2026-03-25 01:42:56,680 - INFO - 执行操作:
2026-03-25 01:42:56,680 - INFO -   - 强制释放 前端页面 端口 8001
2026-03-25 01:45:57,566 - INFO - ✅ 后端 API 运行正常
2026-03-25 01:45:57,689 - WARNING - 前端页面 端口 8001 被占用 (PID: 83135)
2026-03-25 01:45:57,690 - INFO - 已终止进程 PID: 83135
2026-03-25 01:45:57,724 - WARNING - 前端页面 未运行，尝试启动...
2026-03-25 01:45:57,724 - INFO - 启动服务：前端页面
2026-03-25 01:46:05,786 - INFO - --------------------------------------------------
2026-03-25 01:46:05,786 - INFO - 检查完成：健康=1/2, 修复=0, 失败=1
2026-03-25 01:46:05,786 - INFO - 执行操作:
2026-03-25 01:46:05,786 - INFO -   - 强制释放 前端页面 端口 8001
2026-03-25 01:49:06,707 - INFO - ✅ 后端 API 运行正常
2026-03-25 01:49:06,832 - WARNING - 前端页面 端口 8001 被占用 (PID: 83268)
2026-03-25 01:49:06,832 - INFO - 已终止进程 PID: 83268
2026-03-25 01:49:06,869 - WARNING - 前端页面 未运行，尝试启动...
2026-03-25 01:49:06,869 - INFO - 启动服务：前端页面
2026-03-25 01:49:15,026 - INFO - --------------------------------------------------
2026-03-25 01:49:15,026 - INFO - 检查完成：健康=1/2, 修复=0, 失败=1
2026-03-25 01:49:15,026 - INFO - 执行操作:
2026-03-25 01:49:15,027 - INFO -   - 强制释放 前端页面 端口 8001
2026-03-25 01:52:15,995 - INFO - ✅ 后端 API 运行正常
2026-03-25 01:52:16,136 - WARNING - 前端页面 端口 8001 被占用 (PID: 83374)
2026-03-25 01:52:16,136 - INFO - 已终止进程 PID: 83374
2026-03-25 01:52:16,176 - WARNING - 前端页面 未运行，尝试启动...
2026-03-25 01:52:16,176 - INFO - 启动服务：前端页面
2026-03-25 01:52:24,666 - INFO - --------------------------------------------------
2026-03-25 01:52:24,667 - INFO - 检查完成：健康=1/2, 修复=0, 失败=1
2026-03-25 01:52:24,667 - INFO - 执行操作:
2026-03-25 01:52:24,667 - INFO -   - 强制释放 前端页面 端口 8001
2026-03-25 01:55:25,554 - INFO - ✅ 后端 API 运行正常
2026-03-25 01:55:25,667 - WARNING - 前端页面 端口 8001 被占用 (PID: 83512)
2026-03-25 01:55:25,667 - INFO - 已终止进程 PID: 83512
2026-03-25 01:55:25,702 - WARNING - 前端页面 未运行，尝试启动...
2026-03-25 01:55:25,703 - INFO - 启动服务：前端页面
2026-03-25 01:55:33,780 - INFO - --------------------------------------------------
2026-03-25 01:55:33,780 - INFO - 检查完成：健康=1/2, 修复=0, 失败=1
2026-03-25 01:55:33,780 - INFO - 执行操作:
2026-03-25 01:55:33,780 - INFO -   - 强制释放 前端页面 端口 8001
2026-03-25 01:58:34,679 - INFO - ✅ 后端 API 运行正常
2026-03-25 01:58:34,805 - WARNING - 前端页面 端口 8001 被占用 (PID: 83654)
2026-03-25 01:58:34,805 - INFO - 已终止进程 PID: 83654
2026-03-25 01:58:34,848 - WARNING - 前端页面 未运行，尝试启动...
2026-03-25 01:58:34,848 - INFO - 启动服务：前端页面
2026-03-25 01:58:42,900 - INFO - --------------------------------------------------
2026-03-25 01:58:42,900 - INFO - 检查完成：健康=1/2, 修复=0, 失败=1
2026-03-25 01:58:42,900 - INFO - 执行操作:
2026-03-25 01:58:42,900 - INFO -   - 强制释放 前端页面 端口 8001
2026-03-25 02:01:43,773 - INFO - ✅ 后端 API 运行正常
2026-03-25 02:01:43,882 - WARNING - 前端页面 端口 8001 被占用 (PID: 83740)
2026-03-25 02:01:43,882 - INFO - 已终止进程 PID: 83740
2026-03-25 02:01:43,913 - WARNING - 前端页面 未运行，尝试启动...
2026-03-25 02:01:43,913 - INFO - 启动服务：前端页面
2026-03-25 02:01:52,034 - INFO - --------------------------------------------------
2026-03-25 02:01:52,035 - INFO - 检查完成：健康=1/2, 修复=0, 失败=1
2026-03-25 02:01:52,035 - INFO - 执行操作:
2026-03-25 02:01:52,035 - INFO -   - 强制释放 前端页面 端口 8001
2026-03-25 02:04:52,938 - INFO - ✅ 后端 API 运行正常
2026-03-25 02:04:53,047 - WARNING - 前端页面 端口 8001 被占用 (PID: 83862)
2026-03-25 02:04:53,047 - INFO - 已终止进程 PID: 83862
2026-03-25 02:04:53,076 - WARNING - 前端页面 未运行，尝试启动...
2026-03-25 02:04:53,077 - INFO - 启动服务：前端页面
2026-03-25 02:05:01,238 - INFO - --------------------------------------------------
2026-03-25 02:05:01,239 - INFO - 检查完成：健康=1/2, 修复=0, 失败=1
2026-03-25 02:05:01,239 - INFO - 执行操作:
2026-03-25 02:05:01,239 - INFO -   - 强制释放 前端页面 端口 8001
2026-03-25 02:08:02,138 - INFO - ✅ 后端 API 运行正常
2026-03-25 02:08:02,233 - WARNING - 前端页面 端口 8001 被占用 (PID: 83978)
2026-03-25 02:08:02,233 - INFO - 已终止进程 PID: 83978
2026-03-25 02:08:02,264 - WARNING - 前端页面 未运行，尝试启动...
2026-03-25 02:08:02,264 - INFO - 启动服务：前端页面
2026-03-25 02:08:10,350 - INFO - --------------------------------------------------
2026-03-25 02:08:10,351 - INFO - 检查完成：健康=1/2, 修复=0, 失败=1
2026-03-25 02:08:10,351 - INFO - 执行操作:
2026-03-25 02:08:10,351 - INFO -   - 强制释放 前端页面 端口 8001
2026-03-25 02:11:11,276 - INFO - ✅ 后端 API 运行正常
2026-03-25 02:11:11,404 - WARNING - 前端页面 端口 8001 被占用 (PID: 84081)
2026-03-25 02:11:11,405 - INFO - 已终止进程 PID: 84081
2026-03-25 02:11:11,437 - WARNING - 前端页面 未运行，尝试启动...
2026-03-25 02:11:11,437 - INFO - 启动服务：前端页面
2026-03-25 02:11:19,525 - INFO - --------------------------------------------------
2026-03-25 02:11:19,526 - INFO - 检查完成：健康=1/2, 修复=0, 失败=1
2026-03-25 02:11:19,526 - INFO - 执行操作:
2026-03-25 02:11:19,526 - INFO -   - 强制释放 前端页面 端口 8001
2026-03-25 02:14:20,429 - INFO - ✅ 后端 API 运行正常
2026-03-25 02:14:20,539 - WARNING - 前端页面 端口 8001 被占用 (PID: 84201)
2026-03-25 02:14:20,539 - INFO - 已终止进程 PID: 84201
2026-03-25 02:14:20,569 - WARNING - 前端页面 未运行，尝试启动...
2026-03-25 02:14:20,569 - INFO - 启动服务：前端页面
2026-03-25 02:14:28,630 - INFO - --------------------------------------------------
2026-03-25 02:14:28,631 - INFO - 检查完成：健康=1/2, 修复=0, 失败=1
2026-03-25 02:14:28,631 - INFO - 执行操作:
2026-03-25 02:14:28,631 - INFO -   - 强制释放 前端页面 端口 8001
2026-03-25 02:17:29,506 - INFO - ✅ 后端 API 运行正常
2026-03-25 02:17:29,632 - WARNING - 前端页面 端口 8001 被占用 (PID: 84312)
2026-03-25 02:17:29,632 - INFO - 已终止进程 PID: 84312
2026-03-25 02:17:29,665 - WARNING - 前端页面 未运行，尝试启动...
2026-03-25 02:17:29,665 - INFO - 启动服务：前端页面
2026-03-25 02:17:37,817 - INFO - --------------------------------------------------
2026-03-25 02:17:37,818 - INFO - 检查完成：健康=1/2, 修复=0, 失败=1
2026-03-25 02:17:37,818 - INFO - 执行操作:
2026-03-25 02:17:37,818 - INFO -   - 强制释放 前端页面 端口 8001
2026-03-25 02:20:38,703 - INFO - ✅ 后端 API 运行正常
2026-03-25 02:20:38,825 - WARNING - 前端页面 端口 8001 被占用 (PID: 84426)
2026-03-25 02:20:38,825 - INFO - 已终止进程 PID: 84426
2026-03-25 02:20:38,856 - WARNING - 前端页面 未运行，尝试启动...
2026-03-25 02:20:38,856 - INFO - 启动服务：前端页面
2026-03-25 02:20:47,089 - INFO - --------------------------------------------------
2026-03-25 02:20:47,098 - INFO - 检查完成：健康=1/2, 修复=0, 失败=1
2026-03-25 02:20:47,100 - INFO - 执行操作:
2026-03-25 02:20:47,100 - INFO -   - 强制释放 前端页面 端口 8001
2026-03-25 02:23:48,002 - INFO - ✅ 后端 API 运行正常
2026-03-25 02:23:48,123 - WARNING - 前端页面 端口 8001 被占用 (PID: 84551)
2026-03-25 02:23:48,123 - INFO - 已终止进程 PID: 84551
2026-03-25 02:23:48,153 - WARNING - 前端页面 未运行，尝试启动...
2026-03-25 02:23:48,153 - INFO - 启动服务：前端页面
2026-03-25 02:23:56,239 - INFO - --------------------------------------------------
2026-03-25 02:23:56,244 - INFO - 检查完成：健康=1/2, 修复=0, 失败=1
2026-03-25 02:23:56,245 - INFO - 执行操作:
2026-03-25 02:23:56,245 - INFO -   - 强制释放 前端页面 端口 8001
2026-03-25 02:26:57,174 - INFO - ✅ 后端 API 运行正常
2026-03-25 02:26:57,285 - WARNING - 前端页面 端口 8001 被占用 (PID: 84657)
2026-03-25 02:26:57,286 - INFO - 已终止进程 PID: 84657
2026-03-25 02:26:57,326 - WARNING - 前端页面 未运行，尝试启动...
2026-03-25 02:26:57,326 - INFO - 启动服务：前端页面
2026-03-25 02:27:05,590 - INFO - --------------------------------------------------
2026-03-25 02:27:05,590 - INFO - 检查完成：健康=1/2, 修复=0, 失败=1
2026-03-25 02:27:05,590 - INFO - 执行操作:
2026-03-25 02:27:05,590 - INFO -   - 强制释放 前端页面 端口 8001
2026-03-25 02:30:06,417 - INFO - ✅ 后端 API 运行正常
2026-03-25 02:30:06,537 - WARNING - 前端页面 端口 8001 被占用 (PID: 84787)
2026-03-25 02:30:06,537 - INFO - 已终止进程 PID: 84787
2026-03-25 02:30:06,571 - WARNING - 前端页面 未运行，尝试启动...
2026-03-25 02:30:06,572 - INFO - 启动服务：前端页面
2026-03-25 02:30:14,622 - INFO - --------------------------------------------------
2026-03-25 02:30:14,623 - INFO - 检查完成：健康=1/2, 修复=0, 失败=1
2026-03-25 02:30:14,623 - INFO - 执行操作:
2026-03-25 02:30:14,623 - INFO -   - 强制释放 前端页面 端口 8001
2026-03-25 02:33:15,536 - INFO - ✅ 后端 API 运行正常
2026-03-25 02:33:15,645 - WARNING - 前端页面 端口 8001 被占用 (PID: 84897)
2026-03-25 02:33:15,646 - INFO - 已终止进程 PID: 84897
2026-03-25 02:33:15,678 - WARNING - 前端页面 未运行，尝试启动...
2026-03-25 02:33:15,678 - INFO - 启动服务：前端页面
2026-03-25 02:33:23,866 - INFO - --------------------------------------------------
2026-03-25 02:33:23,866 - INFO - 检查完成：健康=1/2, 修复=0, 失败=1
2026-03-25 02:33:23,866 - INFO - 执行操作:
2026-03-25 02:33:23,866 - INFO -   - 强制释放 前端页面 端口 8001
2026-03-25 02:36:24,753 - INFO - ✅ 后端 API 运行正常
2026-03-25 02:36:24,877 - WARNING - 前端页面 端口 8001 被占用 (PID: 85004)
2026-03-25 02:36:24,877 - INFO - 已终止进程 PID: 85004
2026-03-25 02:36:24,906 - WARNING - 前端页面 未运行，尝试启动...
2026-03-25 02:36:24,906 - INFO - 启动服务：前端页面
2026-03-25 02:36:32,957 - INFO - --------------------------------------------------
2026-03-25 02:36:32,958 - INFO - 检查完成：健康=1/2, 修复=0, 失败=1
2026-03-25 02:36:32,958 - INFO - 执行操作:
2026-03-25 02:36:32,958 - INFO -   - 强制释放 前端页面 端口 8001
2026-03-25 02:39:33,856 - INFO - ✅ 后端 API 运行正常
2026-03-25 02:39:33,951 - WARNING - 前端页面 端口 8001 被占用 (PID: 85123)
2026-03-25 02:39:33,951 - INFO - 已终止进程 PID: 85123
2026-03-25 02:39:33,986 - WARNING - 前端页面 未运行，尝试启动...
2026-03-25 02:39:33,986 - INFO - 启动服务：前端页面
2026-03-25 02:39:42,254 - INFO - --------------------------------------------------
2026-03-25 02:39:42,255 - INFO - 检查完成：健康=1/2, 修复=0, 失败=1
2026-03-25 02:39:42,255 - INFO - 执行操作:
2026-03-25 02:39:42,255 - INFO -   - 强制释放 前端页面 端口 8001
2026-03-25 02:42:43,148 - INFO - ✅ 后端 API 运行正常
2026-03-25 02:42:43,258 - WARNING - 前端页面 端口 8001 被占用 (PID: 85233)
2026-03-25 02:42:43,258 - INFO - 已终止进程 PID: 85233
2026-03-25 02:42:43,296 - WARNING - 前端页面 未运行，尝试启动...
2026-03-25 02:42:43,297 - INFO - 启动服务：前端页面
2026-03-25 02:42:51,603 - INFO - --------------------------------------------------
2026-03-25 02:42:51,603 - INFO - 检查完成：健康=1/2, 修复=0, 失败=1
2026-03-25 02:42:51,603 - INFO - 执行操作:
2026-03-25 02:42:51,603 - INFO -   - 强制释放 前端页面 端口 8001
2026-03-25 02:45:52,462 - INFO - ✅ 后端 API 运行正常
2026-03-25 02:45:52,575 - WARNING - 前端页面 端口 8001 被占用 (PID: 85376)
2026-03-25 02:45:52,576 - INFO - 已终止进程 PID: 85376
2026-03-25 02:45:52,613 - WARNING - 前端页面 未运行，尝试启动...
2026-03-25 02:45:52,613 - INFO - 启动服务：前端页面
2026-03-25 02:46:00,798 - INFO - --------------------------------------------------
2026-03-25 02:46:00,798 - INFO - 检查完成：健康=1/2, 修复=0, 失败=1
2026-03-25 02:46:00,798 - INFO - 执行操作:
2026-03-25 02:46:00,798 - INFO -   - 强制释放 前端页面 端口 8001
2026-03-25 02:49:01,753 - INFO - ✅ 后端 API 运行正常
2026-03-25 02:49:01,888 - WARNING - 前端页面 端口 8001 被占用 (PID: 85543)
2026-03-25 02:49:01,888 - INFO - 已终止进程 PID: 85543
2026-03-25 02:49:01,929 - WARNING - 前端页面 未运行，尝试启动...
2026-03-25 02:49:01,929 - INFO - 启动服务：前端页面
2026-03-25 02:49:10,068 - INFO - --------------------------------------------------
2026-03-25 02:49:10,068 - INFO - 检查完成：健康=1/2, 修复=0, 失败=1
2026-03-25 02:49:10,069 - INFO - 执行操作:
2026-03-25 02:49:10,069 - INFO -   - 强制释放 前端页面 端口 8001
2026-03-25 02:52:10,938 - INFO - ✅ 后端 API 运行正常
2026-03-25 02:52:11,049 - WARNING - 前端页面 端口 8001 被占用 (PID: 85667)
2026-03-25 02:52:11,050 - INFO - 已终止进程 PID: 85667
2026-03-25 02:52:11,090 - WARNING - 前端页面 未运行，尝试启动...
2026-03-25 02:52:11,090 - INFO - 启动服务：前端页面
2026-03-25 02:52:19,282 - INFO - --------------------------------------------------
2026-03-25 02:52:19,283 - INFO - 检查完成：健康=1/2, 修复=0, 失败=1
2026-03-25 02:52:19,283 - INFO - 执行操作:
2026-03-25 02:52:19,283 - INFO -   - 强制释放 前端页面 端口 8001
2026-03-25 02:55:20,170 - INFO - ✅ 后端 API 运行正常
2026-03-25 02:55:20,277 - WARNING - 前端页面 端口 8001 被占用 (PID: 85784)
2026-03-25 02:55:20,277 - INFO - 已终止进程 PID: 85784
2026-03-25 02:55:20,309 - WARNING - 前端页面 未运行，尝试启动...
2026-03-25 02:55:20,310 - INFO - 启动服务：前端页面
2026-03-25 02:55:28,373 - INFO - --------------------------------------------------
2026-03-25 02:55:28,374 - INFO - 检查完成：健康=1/2, 修复=0, 失败=1
2026-03-25 02:55:28,374 - INFO - 执行操作:
2026-03-25 02:55:28,374 - INFO -   - 强制释放 前端页面 端口 8001
2026-03-25 02:58:29,289 - INFO - ✅ 后端 API 运行正常
2026-03-25 02:58:29,399 - WARNING - 前端页面 端口 8001 被占用 (PID: 85893)
2026-03-25 02:58:29,399 - INFO - 已终止进程 PID: 85893
2026-03-25 02:58:29,437 - WARNING - 前端页面 未运行，尝试启动...
2026-03-25 02:58:29,438 - INFO - 启动服务：前端页面
2026-03-25 02:58:37,728 - INFO - --------------------------------------------------
2026-03-25 02:58:37,731 - INFO - 检查完成：健康=1/2, 修复=0, 失败=1
2026-03-25 02:58:37,731 - INFO - 执行操作:
2026-03-25 02:58:37,731 - INFO -   - 强制释放 前端页面 端口 8001
2026-03-25 03:01:38,625 - INFO - ✅ 后端 API 运行正常
2026-03-25 03:01:38,733 - WARNING - 前端页面 端口 8001 被占用 (PID: 86032)
2026-03-25 03:01:38,733 - INFO - 已终止进程 PID: 86032
2026-03-25 03:01:38,765 - WARNING - 前端页面 未运行，尝试启动...
2026-03-25 03:01:38,765 - INFO - 启动服务：前端页面
2026-03-25 03:01:46,819 - INFO - --------------------------------------------------
2026-03-25 03:01:46,820 - INFO - 检查完成：健康=1/2, 修复=0, 失败=1
2026-03-25 03:01:46,820 - INFO - 执行操作:
2026-03-25 03:01:46,820 - INFO -   - 强制释放 前端页面 端口 8001
2026-03-25 03:04:47,642 - INFO - ✅ 后端 API 运行正常
2026-03-25 03:04:47,748 - WARNING - 前端页面 端口 8001 被占用 (PID: 86147)
2026-03-25 03:04:47,748 - INFO - 已终止进程 PID: 86147
2026-03-25 03:04:47,777 - WARNING - 前端页面 未运行，尝试启动...
2026-03-25 03:04:47,777 - INFO - 启动服务：前端页面
2026-03-25 03:04:55,959 - INFO - --------------------------------------------------
2026-03-25 03:04:55,960 - INFO - 检查完成：健康=1/2, 修复=0, 失败=1
2026-03-25 03:04:55,960 - INFO - 执行操作:
2026-03-25 03:04:55,960 - INFO -   - 强制释放 前端页面 端口 8001
2026-03-25 03:07:56,860 - INFO - ✅ 后端 API 运行正常
2026-03-25 03:07:56,956 - WARNING - 前端页面 端口 8001 被占用 (PID: 86272)
2026-03-25 03:07:56,956 - INFO - 已终止进程 PID: 86272
2026-03-25 03:07:56,994 - WARNING - 前端页面 未运行，尝试启动...
2026-03-25 03:07:56,994 - INFO - 启动服务：前端页面
2026-03-25 03:08:05,266 - INFO - --------------------------------------------------
2026-03-25 03:08:05,313 - INFO - 检查完成：健康=1/2, 修复=0, 失败=1
2026-03-25 03:08:05,313 - INFO - 执行操作:
2026-03-25 03:08:05,313 - INFO -   - 强制释放 前端页面 端口 8001
2026-03-25 03:11:06,243 - INFO - ✅ 后端 API 运行正常
2026-03-25 03:11:06,366 - WARNING - 前端页面 端口 8001 被占用 (PID: 86412)
2026-03-25 03:11:06,366 - INFO - 已终止进程 PID: 86412
2026-03-25 03:11:06,401 - WARNING - 前端页面 未运行，尝试启动...
2026-03-25 03:11:06,401 - INFO - 启动服务：前端页面
2026-03-25 03:11:14,596 - INFO - --------------------------------------------------
2026-03-25 03:11:14,597 - INFO - 检查完成：健康=1/2, 修复=0, 失败=1
2026-03-25 03:11:14,597 - INFO - 执行操作:
2026-03-25 03:11:14,597 - INFO -   - 强制释放 前端页面 端口 8001
2026-03-25 03:14:15,492 - INFO - ✅ 后端 API 运行正常
2026-03-25 03:14:15,603 - WARNING - 前端页面 端口 8001 被占用 (PID: 86537)
2026-03-25 03:14:15,603 - INFO - 已终止进程 PID: 86537
2026-03-25 03:14:15,644 - WARNING - 前端页面 未运行，尝试启动...
2026-03-25 03:14:15,644 - INFO - 启动服务：前端页面
2026-03-25 03:14:23,679 - INFO - --------------------------------------------------
2026-03-25 03:14:23,680 - INFO - 检查完成：健康=1/2, 修复=0, 失败=1
2026-03-25 03:14:23,680 - INFO - 执行操作:
2026-03-25 03:14:23,680 - INFO -   - 强制释放 前端页面 端口 8001
2026-03-25 03:17:24,551 - INFO - ✅ 后端 API 运行正常
2026-03-25 03:17:24,661 - WARNING - 前端页面 端口 8001 被占用 (PID: 86657)
2026-03-25 03:17:24,662 - INFO - 已终止进程 PID: 86657
2026-03-25 03:17:24,693 - WARNING - 前端页面 未运行，尝试启动...
2026-03-25 03:17:24,694 - INFO - 启动服务：前端页面
2026-03-25 03:17:32,783 - INFO - --------------------------------------------------
2026-03-25 03:17:32,783 - INFO - 检查完成：健康=1/2, 修复=0, 失败=1
2026-03-25 03:17:32,783 - INFO - 执行操作:
2026-03-25 03:17:32,784 - INFO -   - 强制释放 前端页面 端口 8001
2026-03-25 03:20:33,671 - INFO - ✅ 后端 API 运行正常
2026-03-25 03:20:33,777 - WARNING - 前端页面 端口 8001 被占用 (PID: 86766)
2026-03-25 03:20:33,778 - INFO - 已终止进程 PID: 86766
2026-03-25 03:20:33,805 - WARNING - 前端页面 未运行，尝试启动...
2026-03-25 03:20:33,805 - INFO - 启动服务：前端页面
2026-03-25 03:20:41,894 - INFO - --------------------------------------------------
2026-03-25 03:20:41,906 - INFO - 检查完成：健康=1/2, 修复=0, 失败=1
2026-03-25 03:20:41,906 - INFO - 执行操作:
2026-03-25 03:20:41,906 - INFO -   - 强制释放 前端页面 端口 8001
2026-03-25 03:23:42,699 - INFO - ✅ 后端 API 运行正常
2026-03-25 03:23:42,809 - WARNING - 前端页面 端口 8001 被占用 (PID: 86900)
2026-03-25 03:23:42,809 - INFO - 已终止进程 PID: 86900
2026-03-25 03:23:42,847 - WARNING - 前端页面 未运行，尝试启动...
2026-03-25 03:23:42,847 - INFO - 启动服务：前端页面
2026-03-25 03:23:50,989 - INFO - --------------------------------------------------
2026-03-25 03:23:50,990 - INFO - 检查完成：健康=1/2, 修复=0, 失败=1
2026-03-25 03:23:50,990 - INFO - 执行操作:
2026-03-25 03:23:50,990 - INFO -   - 强制释放 前端页面 端口 8001
2026-03-25 03:26:51,877 - INFO - ✅ 后端 API 运行正常
2026-03-25 03:26:51,986 - WARNING - 前端页面 端口 8001 被占用 (PID: 87001)
2026-03-25 03:26:51,986 - INFO - 已终止进程 PID: 87001
2026-03-25 03:26:52,021 - WARNING - 前端页面 未运行，尝试启动...
2026-03-25 03:26:52,021 - INFO - 启动服务：前端页面
2026-03-25 03:27:00,156 - INFO - --------------------------------------------------
2026-03-25 03:27:00,157 - INFO - 检查完成：健康=1/2, 修复=0, 失败=1
2026-03-25 03:27:00,157 - INFO - 执行操作:
2026-03-25 03:27:00,157 - INFO -   - 强制释放 前端页面 端口 8001
2026-03-25 03:30:01,056 - INFO - ✅ 后端 API 运行正常
2026-03-25 03:30:01,173 - WARNING - 前端页面 端口 8001 被占用 (PID: 87113)
2026-03-25 03:30:01,173 - INFO - 已终止进程 PID: 87113
2026-03-25 03:30:01,207 - WARNING - 前端页面 未运行，尝试启动...
2026-03-25 03:30:01,208 - INFO - 启动服务：前端页面
2026-03-25 03:30:09,533 - INFO - --------------------------------------------------
2026-03-25 03:30:09,533 - INFO - 检查完成：健康=1/2, 修复=0, 失败=1
2026-03-25 03:30:09,534 - INFO - 执行操作:
2026-03-25 03:30:09,534 - INFO -   - 强制释放 前端页面 端口 8001
2026-03-25 03:33:10,437 - INFO - ✅ 后端 API 运行正常
2026-03-25 03:33:10,546 - WARNING - 前端页面 端口 8001 被占用 (PID: 87241)
2026-03-25 03:33:10,547 - INFO - 已终止进程 PID: 87241
2026-03-25 03:33:10,580 - WARNING - 前端页面 未运行，尝试启动...
2026-03-25 03:33:10,580 - INFO - 启动服务：前端页面
2026-03-25 03:33:18,767 - INFO - --------------------------------------------------
2026-03-25 03:33:18,767 - INFO - 检查完成：健康=1/2, 修复=0, 失败=1
2026-03-25 03:33:18,767 - INFO - 执行操作:
2026-03-25 03:33:18,767 - INFO -   - 强制释放 前端页面 端口 8001
2026-03-25 03:36:19,731 - INFO - ✅ 后端 API 运行正常
2026-03-25 03:36:19,863 - WARNING - 前端页面 端口 8001 被占用 (PID: 87327)
2026-03-25 03:36:19,864 - INFO - 已终止进程 PID: 87327
2026-03-25 03:36:19,912 - WARNING - 前端页面 未运行，尝试启动...
2026-03-25 03:36:19,912 - INFO - 启动服务：前端页面
2026-03-25 03:36:28,115 - INFO - --------------------------------------------------
2026-03-25 03:36:28,116 - INFO - 检查完成：健康=1/2, 修复=0, 失败=1
2026-03-25 03:36:28,116 - INFO - 执行操作:
2026-03-25 03:36:28,116 - INFO -   - 强制释放 前端页面 端口 8001
2026-03-25 03:39:29,010 - INFO - ✅ 后端 API 运行正常
2026-03-25 03:39:29,110 - WARNING - 前端页面 端口 8001 被占用 (PID: 87519)
2026-03-25 03:39:29,110 - INFO - 已终止进程 PID: 87519
2026-03-25 03:39:29,149 - WARNING - 前端页面 未运行，尝试启动...
2026-03-25 03:39:29,150 - INFO - 启动服务：前端页面
2026-03-25 03:39:37,530 - INFO - --------------------------------------------------
2026-03-25 03:39:37,535 - INFO - 检查完成：健康=1/2, 修复=0, 失败=1
2026-03-25 03:39:37,535 - INFO - 执行操作:
2026-03-25 03:39:37,536 - INFO -   - 强制释放 前端页面 端口 8001
2026-03-25 03:42:38,422 - INFO - ✅ 后端 API 运行正常
2026-03-25 03:42:38,530 - WARNING - 前端页面 端口 8001 被占用 (PID: 87719)
2026-03-25 03:42:38,531 - INFO - 已终止进程 PID: 87719
2026-03-25 03:42:38,572 - WARNING - 前端页面 未运行，尝试启动...
2026-03-25 03:42:38,572 - INFO - 启动服务：前端页面
2026-03-25 03:42:46,608 - INFO - --------------------------------------------------
2026-03-25 03:42:46,608 - INFO - 检查完成：健康=1/2, 修复=0, 失败=1
2026-03-25 03:42:46,608 - INFO - 执行操作:
2026-03-25 03:42:46,608 - INFO -   - 强制释放 前端页面 端口 8001
2026-03-25 03:45:47,541 - INFO - ✅ 后端 API 运行正常
2026-03-25 03:45:47,654 - WARNING - 前端页面 端口 8001 被占用 (PID: 87856)
2026-03-25 03:45:47,654 - INFO - 已终止进程 PID: 87856
2026-03-25 03:45:47,698 - WARNING - 前端页面 未运行，尝试启动...
2026-03-25 03:45:47,698 - INFO - 启动服务：前端页面
2026-03-25 03:45:55,822 - INFO - --------------------------------------------------
2026-03-25 03:45:55,822 - INFO - 检查完成：健康=1/2, 修复=0, 失败=1
2026-03-25 03:45:55,822 - INFO - 执行操作:
2026-03-25 03:45:55,822 - INFO -   - 强制释放 前端页面 端口 8001
2026-03-25 03:48:56,715 - INFO - ✅ 后端 API 运行正常
2026-03-25 03:48:56,830 - WARNING - 前端页面 端口 8001 被占用 (PID: 88019)
2026-03-25 03:48:56,830 - INFO - 已终止进程 PID: 88019
2026-03-25 03:48:56,871 - WARNING - 前端页面 未运行，尝试启动...
2026-03-25 03:48:56,871 - INFO - 启动服务：前端页面
2026-03-25 03:49:05,305 - INFO - --------------------------------------------------
2026-03-25 03:49:05,308 - INFO - 检查完成：健康=1/2, 修复=0, 失败=1
2026-03-25 03:49:05,309 - INFO - 执行操作:
2026-03-25 03:49:05,309 - INFO -   - 强制释放 前端页面 端口 8001
2026-03-25 03:52:06,244 - INFO - ✅ 后端 API 运行正常
2026-03-25 03:52:06,368 - WARNING - 前端页面 端口 8001 被占用 (PID: 88124)
2026-03-25 03:52:06,368 - INFO - 已终止进程 PID: 88124
2026-03-25 03:52:06,416 - WARNING - 前端页面 未运行，尝试启动...
2026-03-25 03:52:06,416 - INFO - 启动服务：前端页面
2026-03-25 03:52:14,644 - INFO - --------------------------------------------------
2026-03-25 03:52:14,645 - INFO - 检查完成：健康=1/2, 修复=0, 失败=1
2026-03-25 03:52:14,645 - INFO - 执行操作:
2026-03-25 03:52:14,645 - INFO -   - 强制释放 前端页面 端口 8001
2026-03-25 03:55:15,530 - INFO - ✅ 后端 API 运行正常
2026-03-25 03:55:15,630 - WARNING - 前端页面 端口 8001 被占用 (PID: 88254)
2026-03-25 03:55:15,630 - INFO - 已终止进程 PID: 88254
2026-03-25 03:55:15,664 - WARNING - 前端页面 未运行，尝试启动...
2026-03-25 03:55:15,664 - INFO - 启动服务：前端页面
2026-03-25 03:55:23,714 - INFO - --------------------------------------------------
2026-03-25 03:55:23,714 - INFO - 检查完成：健康=1/2, 修复=0, 失败=1
2026-03-25 03:55:23,714 - INFO - 执行操作:
2026-03-25 03:55:23,714 - INFO -   - 强制释放 前端页面 端口 8001
2026-03-25 03:58:24,573 - INFO - ✅ 后端 API 运行正常
2026-03-25 03:58:24,702 - WARNING - 前端页面 端口 8001 被占用 (PID: 88382)
2026-03-25 03:58:24,703 - INFO - 已终止进程 PID: 88382
2026-03-25 03:58:24,738 - WARNING - 前端页面 未运行，尝试启动...
2026-03-25 03:58:24,738 - INFO - 启动服务：前端页面
2026-03-25 03:58:32,798 - INFO - --------------------------------------------------
2026-03-25 03:58:32,799 - INFO - 检查完成：健康=1/2, 修复=0, 失败=1
2026-03-25 03:58:32,800 - INFO - 执行操作:
2026-03-25 03:58:32,800 - INFO -   - 强制释放 前端页面 端口 8001
2026-03-25 04:01:33,678 - INFO - ✅ 后端 API 运行正常
2026-03-25 04:01:33,791 - WARNING - 前端页面 端口 8001 被占用 (PID: 88509)
2026-03-25 04:01:33,791 - INFO - 已终止进程 PID: 88509
2026-03-25 04:01:33,823 - WARNING - 前端页面 未运行，尝试启动...
2026-03-25 04:01:33,823 - INFO - 启动服务：前端页面
2026-03-25 04:01:41,993 - INFO - --------------------------------------------------
2026-03-25 04:01:41,994 - INFO - 检查完成：健康=1/2, 修复=0, 失败=1
2026-03-25 04:01:41,994 - INFO - 执行操作:
2026-03-25 04:01:41,994 - INFO -   - 强制释放 前端页面 端口 8001
2026-03-25 04:04:42,881 - INFO - ✅ 后端 API 运行正常
2026-03-25 04:04:42,990 - WARNING - 前端页面 端口 8001 被占用 (PID: 88634)
2026-03-25 04:04:42,990 - INFO - 已终止进程 PID: 88634
2026-03-25 04:04:43,020 - WARNING - 前端页面 未运行，尝试启动...
2026-03-25 04:04:43,020 - INFO - 启动服务：前端页面
2026-03-25 04:04:51,112 - INFO - --------------------------------------------------
2026-03-25 04:04:51,113 - INFO - 检查完成：健康=1/2, 修复=0, 失败=1
2026-03-25 04:04:51,113 - INFO - 执行操作:
2026-03-25 04:04:51,113 - INFO -   - 强制释放 前端页面 端口 8001
2026-03-25 04:07:51,994 - INFO - ✅ 后端 API 运行正常
2026-03-25 04:07:52,089 - WARNING - 前端页面 端口 8001 被占用 (PID: 88729)
2026-03-25 04:07:52,089 - INFO - 已终止进程 PID: 88729
2026-03-25 04:07:52,132 - WARNING - 前端页面 未运行，尝试启动...
2026-03-25 04:07:52,132 - INFO - 启动服务：前端页面
2026-03-25 04:08:00,485 - INFO - --------------------------------------------------
2026-03-25 04:08:00,486 - INFO - 检查完成：健康=1/2, 修复=0, 失败=1
2026-03-25 04:08:00,486 - INFO - 执行操作:
2026-03-25 04:08:00,486 - INFO -   - 强制释放 前端页面 端口 8001
2026-03-25 04:11:01,373 - INFO - ✅ 后端 API 运行正常
2026-03-25 04:11:01,483 - WARNING - 前端页面 端口 8001 被占用 (PID: 88881)
2026-03-25 04:11:01,484 - INFO - 已终止进程 PID: 88881
2026-03-25 04:11:01,525 - WARNING - 前端页面 未运行，尝试启动...
2026-03-25 04:11:01,525 - INFO - 启动服务：前端页面
2026-03-25 04:11:09,633 - INFO - --------------------------------------------------
2026-03-25 04:11:09,633 - INFO - 检查完成：健康=1/2, 修复=0, 失败=1
2026-03-25 04:11:09,633 - INFO - 执行操作:
2026-03-25 04:11:09,633 - INFO -   - 强制释放 前端页面 端口 8001
2026-03-25 04:14:10,519 - INFO - ✅ 后端 API 运行正常
2026-03-25 04:14:10,626 - WARNING - 前端页面 端口 8001 被占用 (PID: 89031)
2026-03-25 04:14:10,626 - INFO - 已终止进程 PID: 89031
2026-03-25 04:14:10,659 - WARNING - 前端页面 未运行，尝试启动...
2026-03-25 04:14:10,659 - INFO - 启动服务：前端页面
2026-03-25 04:14:18,705 - INFO - --------------------------------------------------
2026-03-25 04:14:18,705 - INFO - 检查完成：健康=1/2, 修复=0, 失败=1
2026-03-25 04:14:18,705 - INFO - 执行操作:
2026-03-25 04:14:18,705 - INFO -   - 强制释放 前端页面 端口 8001
2026-03-25 04:17:19,585 - INFO - ✅ 后端 API 运行正常
2026-03-25 04:17:19,695 - WARNING - 前端页面 端口 8001 被占用 (PID: 89128)
2026-03-25 04:17:19,695 - INFO - 已终止进程 PID: 89128
2026-03-25 04:17:19,728 - WARNING - 前端页面 未运行，尝试启动...
2026-03-25 04:17:19,728 - INFO - 启动服务：前端页面
2026-03-25 04:17:27,967 - INFO - --------------------------------------------------
2026-03-25 04:17:27,968 - INFO - 检查完成：健康=1/2, 修复=0, 失败=1
2026-03-25 04:17:27,968 - INFO - 执行操作:
2026-03-25 04:17:27,968 - INFO -   - 强制释放 前端页面 端口 8001
2026-03-25 04:20:28,812 - INFO - ✅ 后端 API 运行正常
2026-03-25 04:20:28,920 - WARNING - 前端页面 端口 8001 被占用 (PID: 89255)
2026-03-25 04:20:28,920 - INFO - 已终止进程 PID: 89255
2026-03-25 04:20:28,950 - WARNING - 前端页面 未运行，尝试启动...
2026-03-25 04:20:28,950 - INFO - 启动服务：前端页面
2026-03-25 04:20:37,516 - INFO - --------------------------------------------------
2026-03-25 04:20:37,533 - INFO - 检查完成：健康=1/2, 修复=0, 失败=1
2026-03-25 04:20:37,533 - INFO - 执行操作:
2026-03-25 04:20:37,533 - INFO -   - 强制释放 前端页面 端口 8001
2026-03-25 04:23:38,433 - INFO - ✅ 后端 API 运行正常
2026-03-25 04:23:38,556 - WARNING - 前端页面 端口 8001 被占用 (PID: 89380)
2026-03-25 04:23:38,556 - INFO - 已终止进程 PID: 89380
2026-03-25 04:23:38,597 - WARNING - 前端页面 未运行，尝试启动...
2026-03-25 04:23:38,597 - INFO - 启动服务：前端页面
2026-03-25 04:23:46,634 - INFO - --------------------------------------------------
2026-03-25 04:23:46,635 - INFO - 检查完成：健康=1/2, 修复=0, 失败=1
2026-03-25 04:23:46,635 - INFO - 执行操作:
2026-03-25 04:23:46,635 - INFO -   - 强制释放 前端页面 端口 8001
2026-03-25 04:26:47,539 - INFO - ✅ 后端 API 运行正常
2026-03-25 04:26:47,650 - WARNING - 前端页面 端口 8001 被占用 (PID: 89553)
2026-03-25 04:26:47,650 - INFO - 已终止进程 PID: 89553
2026-03-25 04:26:47,694 - WARNING - 前端页面 未运行，尝试启动...
2026-03-25 04:26:47,694 - INFO - 启动服务：前端页面
2026-03-25 04:26:55,753 - INFO - --------------------------------------------------
2026-03-25 04:26:55,754 - INFO - 检查完成：健康=1/2, 修复=0, 失败=1
2026-03-25 04:26:55,754 - INFO - 执行操作:
2026-03-25 04:26:55,754 - INFO -   - 强制释放 前端页面 端口 8001
2026-03-25 04:29:56,618 - INFO - ✅ 后端 API 运行正常
2026-03-25 04:29:56,740 - WARNING - 前端页面 端口 8001 被占用 (PID: 89681)
2026-03-25 04:29:56,740 - INFO - 已终止进程 PID: 89681
2026-03-25 04:29:56,787 - WARNING - 前端页面 未运行，尝试启动...
2026-03-25 04:29:56,787 - INFO - 启动服务：前端页面
2026-03-25 04:30:05,267 - INFO - --------------------------------------------------
2026-03-25 04:30:05,272 - INFO - 检查完成：健康=1/2, 修复=0, 失败=1
2026-03-25 04:30:05,272 - INFO - 执行操作:
2026-03-25 04:30:05,272 - INFO -   - 强制释放 前端页面 端口 8001
2026-03-25 04:33:06,174 - INFO - ✅ 后端 API 运行正常
2026-03-25 04:33:06,284 - WARNING - 前端页面 端口 8001 被占用 (PID: 89780)
2026-03-25 04:33:06,284 - INFO - 已终止进程 PID: 89780
2026-03-25 04:33:06,313 - WARNING - 前端页面 未运行，尝试启动...
2026-03-25 04:33:06,313 - INFO - 启动服务：前端页面
2026-03-25 04:33:14,869 - INFO - --------------------------------------------------
2026-03-25 04:33:14,871 - INFO - 检查完成：健康=1/2, 修复=0, 失败=1
2026-03-25 04:33:14,871 - INFO - 执行操作:
2026-03-25 04:33:14,871 - INFO -   - 强制释放 前端页面 端口 8001
2026-03-25 04:36:15,743 - INFO - ✅ 后端 API 运行正常
2026-03-25 04:36:15,852 - WARNING - 前端页面 端口 8001 被占用 (PID: 89904)
2026-03-25 04:36:15,852 - INFO - 已终止进程 PID: 89904
2026-03-25 04:36:15,887 - WARNING - 前端页面 未运行，尝试启动...
2026-03-25 04:36:15,888 - INFO - 启动服务：前端页面
2026-03-25 04:36:24,093 - INFO - --------------------------------------------------
2026-03-25 04:36:24,115 - INFO - 检查完成：健康=1/2, 修复=0, 失败=1
2026-03-25 04:36:24,115 - INFO - 执行操作:
2026-03-25 04:36:24,115 - INFO -   - 强制释放 前端页面 端口 8001
2026-03-25 04:39:25,117 - INFO - ✅ 后端 API 运行正常
2026-03-25 04:39:25,214 - WARNING - 前端页面 端口 8001 被占用 (PID: 90017)
2026-03-25 04:39:25,214 - INFO - 已终止进程 PID: 90017
2026-03-25 04:39:25,252 - WARNING - 前端页面 未运行，尝试启动...
2026-03-25 04:39:25,252 - INFO - 启动服务：前端页面
2026-03-25 04:39:33,574 - INFO - --------------------------------------------------
2026-03-25 04:39:33,574 - INFO - 检查完成：健康=1/2, 修复=0, 失败=1
2026-03-25 04:39:33,574 - INFO - 执行操作:
2026-03-25 04:39:33,574 - INFO -   - 强制释放 前端页面 端口 8001
2026-03-25 04:42:34,474 - INFO - ✅ 后端 API 运行正常
2026-03-25 04:42:34,599 - WARNING - 前端页面 端口 8001 被占用 (PID: 90152)
2026-03-25 04:42:34,599 - INFO - 已终止进程 PID: 90152
2026-03-25 04:42:34,640 - WARNING - 前端页面 未运行，尝试启动...
2026-03-25 04:42:34,640 - INFO - 启动服务：前端页面
2026-03-25 04:42:42,755 - INFO - --------------------------------------------------
2026-03-25 04:42:42,756 - INFO - 检查完成：健康=1/2, 修复=0, 失败=1
2026-03-25 04:42:42,756 - INFO - 执行操作:
2026-03-25 04:42:42,756 - INFO -   - 强制释放 前端页面 端口 8001
2026-03-25 04:45:43,647 - INFO - ✅ 后端 API 运行正常
2026-03-25 04:45:43,757 - WARNING - 前端页面 端口 8001 被占用 (PID: 90277)
2026-03-25 04:45:43,757 - INFO - 已终止进程 PID: 90277
2026-03-25 04:45:43,799 - WARNING - 前端页面 未运行，尝试启动...
2026-03-25 04:45:43,799 - INFO - 启动服务：前端页面
2026-03-25 04:45:51,845 - INFO - --------------------------------------------------
2026-03-25 04:45:51,845 - INFO - 检查完成：健康=1/2, 修复=0, 失败=1
2026-03-25 04:45:51,846 - INFO - 执行操作:
2026-03-25 04:45:51,846 - INFO -   - 强制释放 前端页面 端口 8001
2026-03-25 04:48:52,739 - INFO - ✅ 后端 API 运行正常
2026-03-25 04:48:52,868 - WARNING - 前端页面 端口 8001 被占用 (PID: 90427)
2026-03-25 04:48:52,868 - INFO - 已终止进程 PID: 90427
2026-03-25 04:48:52,909 - WARNING - 前端页面 未运行，尝试启动...
2026-03-25 04:48:52,909 - INFO - 启动服务：前端页面
2026-03-25 04:49:01,105 - INFO - --------------------------------------------------
2026-03-25 04:49:01,106 - INFO - 检查完成：健康=1/2, 修复=0, 失败=1
2026-03-25 04:49:01,106 - INFO - 执行操作:
2026-03-25 04:49:01,106 - INFO -   - 强制释放 前端页面 端口 8001
2026-03-25 04:52:01,970 - INFO - ✅ 后端 API 运行正常
2026-03-25 04:52:02,089 - WARNING - 前端页面 端口 8001 被占用 (PID: 90565)
2026-03-25 04:52:02,089 - INFO - 已终止进程 PID: 90565
2026-03-25 04:52:02,125 - WARNING - 前端页面 未运行，尝试启动...
2026-03-25 04:52:02,125 - INFO - 启动服务：前端页面
2026-03-25 04:52:10,512 - INFO - --------------------------------------------------
2026-03-25 04:52:10,512 - INFO - 检查完成：健康=1/2, 修复=0, 失败=1
2026-03-25 04:52:10,512 - INFO - 执行操作:
2026-03-25 04:52:10,513 - INFO -   - 强制释放 前端页面 端口 8001
2026-03-25 04:55:11,321 - INFO - ✅ 后端 API 运行正常
2026-03-25 04:55:11,427 - WARNING - 前端页面 端口 8001 被占用 (PID: 90668)
2026-03-25 04:55:11,427 - INFO - 已终止进程 PID: 90668
2026-03-25 04:55:11,466 - WARNING - 前端页面 未运行，尝试启动...
2026-03-25 04:55:11,467 - INFO - 启动服务：前端页面
2026-03-25 04:55:19,679 - INFO - --------------------------------------------------
2026-03-25 04:55:19,679 - INFO - 检查完成：健康=1/2, 修复=0, 失败=1
2026-03-25 04:55:19,679 - INFO - 执行操作:
2026-03-25 04:55:19,680 - INFO -   - 强制释放 前端页面 端口 8001
2026-03-25 04:58:20,560 - INFO - ✅ 后端 API 运行正常
2026-03-25 04:58:20,668 - WARNING - 前端页面 端口 8001 被占用 (PID: 90910)
2026-03-25 04:58:20,668 - INFO - 已终止进程 PID: 90910
2026-03-25 04:58:20,698 - WARNING - 前端页面 未运行，尝试启动...
2026-03-25 04:58:20,699 - INFO - 启动服务：前端页面
2026-03-25 04:58:28,800 - INFO - --------------------------------------------------
2026-03-25 04:58:28,801 - INFO - 检查完成：健康=1/2, 修复=0, 失败=1
2026-03-25 04:58:28,801 - INFO - 执行操作:
2026-03-25 04:58:28,801 - INFO -   - 强制释放 前端页面 端口 8001
2026-03-25 05:01:29,657 - INFO - ✅ 后端 API 运行正常
2026-03-25 05:01:29,768 - WARNING - 前端页面 端口 8001 被占用 (PID: 91015)
2026-03-25 05:01:29,768 - INFO - 已终止进程 PID: 91015
2026-03-25 05:01:29,800 - WARNING - 前端页面 未运行，尝试启动...
2026-03-25 05:01:29,800 - INFO - 启动服务：前端页面
2026-03-25 05:01:37,850 - INFO - --------------------------------------------------
2026-03-25 05:01:37,851 - INFO - 检查完成：健康=1/2, 修复=0, 失败=1
2026-03-25 05:01:37,851 - INFO - 执行操作:
2026-03-25 05:01:37,851 - INFO -   - 强制释放 前端页面 端口 8001
2026-03-25 05:04:38,752 - INFO - ✅ 后端 API 运行正常
2026-03-25 05:04:38,864 - WARNING - 前端页面 端口 8001 被占用 (PID: 91127)
2026-03-25 05:04:38,864 - INFO - 已终止进程 PID: 91127
2026-03-25 05:04:38,905 - WARNING - 前端页面 未运行，尝试启动...
2026-03-25 05:04:38,905 - INFO - 启动服务：前端页面
2026-03-25 05:04:47,365 - INFO - --------------------------------------------------
2026-03-25 05:04:47,366 - INFO - 检查完成：健康=1/2, 修复=0, 失败=1
2026-03-25 05:04:47,366 - INFO - 执行操作:
2026-03-25 05:04:47,366 - INFO -   - 强制释放 前端页面 端口 8001
2026-03-25 05:07:48,369 - INFO - ✅ 后端 API 运行正常
2026-03-25 05:07:48,460 - WARNING - 前端页面 端口 8001 被占用 (PID: 91341)
2026-03-25 05:07:48,460 - INFO - 已终止进程 PID: 91341
2026-03-25 05:07:48,494 - WARNING - 前端页面 未运行，尝试启动...
2026-03-25 05:07:48,494 - INFO - 启动服务：前端页面
2026-03-25 05:07:56,650 - INFO - --------------------------------------------------
2026-03-25 05:07:56,651 - INFO - 检查完成：健康=1/2, 修复=0, 失败=1
2026-03-25 05:07:56,651 - INFO - 执行操作:
2026-03-25 05:07:56,651 - INFO -   - 强制释放 前端页面 端口 8001
2026-03-25 05:10:57,558 - INFO - ✅ 后端 API 运行正常
2026-03-25 05:10:57,685 - WARNING - 前端页面 端口 8001 被占用 (PID: 91469)
2026-03-25 05:10:57,686 - INFO - 已终止进程 PID: 91469
2026-03-25 05:10:57,723 - WARNING - 前端页面 未运行，尝试启动...
2026-03-25 05:10:57,723 - INFO - 启动服务：前端页面
2026-03-25 05:11:05,960 - INFO - --------------------------------------------------
2026-03-25 05:11:05,960 - INFO - 检查完成：健康=1/2, 修复=0, 失败=1
2026-03-25 05:11:05,960 - INFO - 执行操作:
2026-03-25 05:11:05,960 - INFO -   - 强制释放 前端页面 端口 8001
2026-03-25 05:14:06,911 - INFO - ✅ 后端 API 运行正常
2026-03-25 05:14:07,025 - WARNING - 前端页面 端口 8001 被占用 (PID: 91713)
2026-03-25 05:14:07,025 - INFO - 已终止进程 PID: 91713
2026-03-25 05:14:07,068 - WARNING - 前端页面 未运行，尝试启动...
2026-03-25 05:14:07,068 - INFO - 启动服务：前端页面
2026-03-25 05:14:15,121 - INFO - --------------------------------------------------
2026-03-25 05:14:15,121 - INFO - 检查完成：健康=1/2, 修复=0, 失败=1
2026-03-25 05:14:15,121 - INFO - 执行操作:
2026-03-25 05:14:15,121 - INFO -   - 强制释放 前端页面 端口 8001
2026-03-25 05:17:16,038 - INFO - ✅ 后端 API 运行正常
2026-03-25 05:17:16,137 - WARNING - 前端页面 端口 8001 被占用 (PID: 91857)
2026-03-25 05:17:16,137 - INFO - 已终止进程 PID: 91857
2026-03-25 05:17:16,179 - WARNING - 前端页面 未运行，尝试启动...
2026-03-25 05:17:16,179 - INFO - 启动服务：前端页面
2026-03-25 05:17:24,694 - INFO - --------------------------------------------------
2026-03-25 05:17:24,695 - INFO - 检查完成：健康=1/2, 修复=0, 失败=1
2026-03-25 05:17:24,695 - INFO - 执行操作:
2026-03-25 05:17:24,695 - INFO -   - 强制释放 前端页面 端口 8001
2026-03-25 05:20:25,561 - INFO - ✅ 后端 API 运行正常
2026-03-25 05:20:25,671 - WARNING - 前端页面 端口 8001 被占用 (PID: 92005)
2026-03-25 05:20:25,672 - INFO - 已终止进程 PID: 92005
2026-03-25 05:20:25,710 - WARNING - 前端页面 未运行，尝试启动...
2026-03-25 05:20:25,710 - INFO - 启动服务：前端页面
2026-03-25 05:20:33,780 - INFO - --------------------------------------------------
2026-03-25 05:20:33,780 - INFO - 检查完成：健康=1/2, 修复=0, 失败=1
2026-03-25 05:20:33,780 - INFO - 执行操作:
2026-03-25 05:20:33,780 - INFO -   - 强制释放 前端页面 端口 8001
2026-03-25 05:23:34,699 - INFO - ✅ 后端 API 运行正常
2026-03-25 05:23:34,808 - WARNING - 前端页面 端口 8001 被占用 (PID: 92126)
2026-03-25 05:23:34,809 - INFO - 已终止进程 PID: 92126
2026-03-25 05:23:34,841 - WARNING - 前端页面 未运行，尝试启动...
2026-03-25 05:23:34,841 - INFO - 启动服务：前端页面
2026-03-25 05:23:42,953 - INFO - --------------------------------------------------
2026-03-25 05:23:42,954 - INFO - 检查完成：健康=1/2, 修复=0, 失败=1
2026-03-25 05:23:42,954 - INFO - 执行操作:
2026-03-25 05:23:42,954 - INFO -   - 强制释放 前端页面 端口 8001
2026-03-25 05:26:43,863 - INFO - ✅ 后端 API 运行正常
2026-03-25 05:26:43,985 - WARNING - 前端页面 端口 8001 被占用 (PID: 92234)
2026-03-25 05:26:43,985 - INFO - 已终止进程 PID: 92234
2026-03-25 05:26:44,030 - WARNING - 前端页面 未运行，尝试启动...
2026-03-25 05:26:44,030 - INFO - 启动服务：前端页面
2026-03-25 05:26:52,556 - INFO - --------------------------------------------------
2026-03-25 05:26:52,574 - INFO - 检查完成：健康=1/2, 修复=0, 失败=1
2026-03-25 05:26:52,574 - INFO - 执行操作:
2026-03-25 05:26:52,574 - INFO -   - 强制释放 前端页面 端口 8001
2026-03-25 05:29:53,462 - INFO - ✅ 后端 API 运行正常
2026-03-25 05:29:53,570 - WARNING - 前端页面 端口 8001 被占用 (PID: 92349)
2026-03-25 05:29:53,570 - INFO - 已终止进程 PID: 92349
2026-03-25 05:29:53,602 - WARNING - 前端页面 未运行，尝试启动...
2026-03-25 05:29:53,602 - INFO - 启动服务：前端页面
2026-03-25 05:30:01,709 - INFO - --------------------------------------------------
2026-03-25 05:30:01,710 - INFO - 检查完成：健康=1/2, 修复=0, 失败=1
2026-03-25 05:30:01,710 - INFO - 执行操作:
2026-03-25 05:30:01,710 - INFO -   - 强制释放 前端页面 端口 8001
2026-03-25 05:33:02,583 - INFO - ✅ 后端 API 运行正常
2026-03-25 05:33:02,694 - WARNING - 前端页面 端口 8001 被占用 (PID: 92445)
2026-03-25 05:33:02,694 - INFO - 已终止进程 PID: 92445
2026-03-25 05:33:02,725 - WARNING - 前端页面 未运行，尝试启动...
2026-03-25 05:33:02,725 - INFO - 启动服务：前端页面
2026-03-25 05:33:10,953 - INFO - --------------------------------------------------
2026-03-25 05:33:10,954 - INFO - 检查完成：健康=1/2, 修复=0, 失败=1
2026-03-25 05:33:10,955 - INFO - 执行操作:
2026-03-25 05:33:10,955 - INFO -   - 强制释放 前端页面 端口 8001
2026-03-25 05:36:11,801 - INFO - ✅ 后端 API 运行正常
2026-03-25 05:36:11,908 - WARNING - 前端页面 端口 8001 被占用 (PID: 92555)
2026-03-25 05:36:11,909 - INFO - 已终止进程 PID: 92555
2026-03-25 05:36:11,941 - WARNING - 前端页面 未运行，尝试启动...
2026-03-25 05:36:11,941 - INFO - 启动服务：前端页面
2026-03-25 05:36:20,132 - INFO - --------------------------------------------------
2026-03-25 05:36:20,133 - INFO - 检查完成：健康=1/2, 修复=0, 失败=1
2026-03-25 05:36:20,133 - INFO - 执行操作:
2026-03-25 05:36:20,134 - INFO -   - 强制释放 前端页面 端口 8001
2026-03-25 05:39:21,038 - INFO - ✅ 后端 API 运行正常
2026-03-25 05:39:21,145 - WARNING - 前端页面 端口 8001 被占用 (PID: 92690)
2026-03-25 05:39:21,145 - INFO - 已终止进程 PID: 92690
2026-03-25 05:39:21,174 - WARNING - 前端页面 未运行，尝试启动...
2026-03-25 05:39:21,174 - INFO - 启动服务：前端页面
2026-03-25 05:39:29,397 - INFO - --------------------------------------------------
2026-03-25 05:39:29,404 - INFO - 检查完成：健康=1/2, 修复=0, 失败=1
2026-03-25 05:39:29,404 - INFO - 执行操作:
2026-03-25 05:39:29,405 - INFO -   - 强制释放 前端页面 端口 8001
2026-03-25 05:42:30,329 - INFO - ✅ 后端 API 运行正常
2026-03-25 05:42:30,437 - WARNING - 前端页面 端口 8001 被占用 (PID: 92783)
2026-03-25 05:42:30,437 - INFO - 已终止进程 PID: 92783
2026-03-25 05:42:30,466 - WARNING - 前端页面 未运行，尝试启动...
2026-03-25 05:42:30,467 - INFO - 启动服务：前端页面
2026-03-25 05:42:38,828 - INFO - --------------------------------------------------
2026-03-25 05:42:38,829 - INFO - 检查完成：健康=1/2, 修复=0, 失败=1
2026-03-25 05:42:38,829 - INFO - 执行操作:
2026-03-25 05:42:38,829 - INFO -   - 强制释放 前端页面 端口 8001
2026-03-25 05:45:39,710 - INFO - ✅ 后端 API 运行正常
2026-03-25 05:45:39,819 - WARNING - 前端页面 端口 8001 被占用 (PID: 92896)
2026-03-25 05:45:39,819 - INFO - 已终止进程 PID: 92896
2026-03-25 05:45:39,856 - WARNING - 前端页面 未运行，尝试启动...
2026-03-25 05:45:39,856 - INFO - 启动服务：前端页面
2026-03-25 05:45:48,284 - INFO - --------------------------------------------------
2026-03-25 05:45:48,288 - INFO - 检查完成：健康=1/2, 修复=0, 失败=1
2026-03-25 05:45:48,288 - INFO - 执行操作:
2026-03-25 05:45:48,289 - INFO -   - 强制释放 前端页面 端口 8001
2026-03-25 05:48:49,189 - INFO - ✅ 后端 API 运行正常
2026-03-25 05:48:49,298 - WARNING - 前端页面 端口 8001 被占用 (PID: 93078)
2026-03-25 05:48:49,298 - INFO - 已终止进程 PID: 93078
2026-03-25 05:48:49,339 - WARNING - 前端页面 未运行，尝试启动...
2026-03-25 05:48:49,339 - INFO - 启动服务：前端页面
2026-03-25 05:48:57,743 - INFO - --------------------------------------------------
2026-03-25 05:48:57,745 - INFO - 检查完成：健康=1/2, 修复=0, 失败=1
2026-03-25 05:48:57,745 - INFO - 执行操作:
2026-03-25 05:48:57,746 - INFO -   - 强制释放 前端页面 端口 8001
2026-03-25 05:51:58,623 - INFO - ✅ 后端 API 运行正常
2026-03-25 05:51:58,722 - WARNING - 前端页面 端口 8001 被占用 (PID: 93270)
2026-03-25 05:51:58,722 - INFO - 已终止进程 PID: 93270
2026-03-25 05:51:58,763 - WARNING - 前端页面 未运行，尝试启动...
2026-03-25 05:51:58,763 - INFO - 启动服务：前端页面
2026-03-25 05:52:07,122 - INFO - --------------------------------------------------
2026-03-25 05:52:07,123 - INFO - 检查完成：健康=1/2, 修复=0, 失败=1
2026-03-25 05:52:07,123 - INFO - 执行操作:
2026-03-25 05:52:07,123 - INFO -   - 强制释放 前端页面 端口 8001
2026-03-25 05:55:08,070 - INFO - ✅ 后端 API 运行正常
2026-03-25 05:55:08,170 - WARNING - 前端页面 端口 8001 被占用 (PID: 93532)
2026-03-25 05:55:08,171 - INFO - 已终止进程 PID: 93532
2026-03-25 05:55:08,211 - WARNING - 前端页面 未运行，尝试启动...
2026-03-25 05:55:08,211 - INFO - 启动服务：前端页面
2026-03-25 05:55:16,510 - INFO - --------------------------------------------------
2026-03-25 05:55:16,510 - INFO - 检查完成：健康=1/2, 修复=0, 失败=1
2026-03-25 05:55:16,510 - INFO - 执行操作:
2026-03-25 05:55:16,510 - INFO -   - 强制释放 前端页面 端口 8001
2026-03-25 05:58:17,384 - INFO - ✅ 后端 API 运行正常
2026-03-25 05:58:17,488 - WARNING - 前端页面 端口 8001 被占用 (PID: 93647)
2026-03-25 05:58:17,488 - INFO - 已终止进程 PID: 93647
2026-03-25 05:58:17,519 - WARNING - 前端页面 未运行，尝试启动...
2026-03-25 05:58:17,519 - INFO - 启动服务：前端页面
2026-03-25 05:58:25,808 - INFO - --------------------------------------------------
2026-03-25 05:58:25,810 - INFO - 检查完成：健康=1/2, 修复=0, 失败=1
2026-03-25 05:58:25,810 - INFO - 执行操作:
2026-03-25 05:58:25,810 - INFO -   - 强制释放 前端页面 端口 8001
2026-03-25 06:01:26,686 - INFO - ✅ 后端 API 运行正常
2026-03-25 06:01:26,808 - WARNING - 前端页面 端口 8001 被占用 (PID: 93768)
2026-03-25 06:01:26,809 - INFO - 已终止进程 PID: 93768
2026-03-25 06:01:26,841 - WARNING - 前端页面 未运行，尝试启动...
2026-03-25 06:01:26,841 - INFO - 启动服务：前端页面
2026-03-25 06:01:35,299 - INFO - --------------------------------------------------
2026-03-25 06:01:35,300 - INFO - 检查完成：健康=1/2, 修复=0, 失败=1
2026-03-25 06:01:35,301 - INFO - 执行操作:
2026-03-25 06:01:35,301 - INFO -   - 强制释放 前端页面 端口 8001
2026-03-25 06:04:36,227 - INFO - ✅ 后端 API 运行正常
2026-03-25 06:04:36,341 - WARNING - 前端页面 端口 8001 被占用 (PID: 93918)
2026-03-25 06:04:36,342 - INFO - 已终止进程 PID: 93918
2026-03-25 06:04:36,383 - WARNING - 前端页面 未运行，尝试启动...
2026-03-25 06:04:36,383 - INFO - 启动服务：前端页面
2026-03-25 06:04:44,802 - INFO - --------------------------------------------------
2026-03-25 06:04:44,816 - INFO - 检查完成：健康=1/2, 修复=0, 失败=1
2026-03-25 06:04:44,817 - INFO - 执行操作:
2026-03-25 06:04:44,817 - INFO -   - 强制释放 前端页面 端口 8001
2026-03-25 06:07:45,690 - INFO - ✅ 后端 API 运行正常
2026-03-25 06:07:45,784 - WARNING - 前端页面 端口 8001 被占用 (PID: 94127)
2026-03-25 06:07:45,784 - INFO - 已终止进程 PID: 94127
2026-03-25 06:07:45,818 - WARNING - 前端页面 未运行，尝试启动...
2026-03-25 06:07:45,818 - INFO - 启动服务：前端页面
2026-03-25 06:07:53,991 - INFO - --------------------------------------------------
2026-03-25 06:07:54,001 - INFO - 检查完成：健康=1/2, 修复=0, 失败=1
2026-03-25 06:07:54,001 - INFO - 执行操作:
2026-03-25 06:07:54,001 - INFO -   - 强制释放 前端页面 端口 8001
2026-03-25 06:10:54,881 - INFO - ✅ 后端 API 运行正常
2026-03-25 06:10:55,004 - WARNING - 前端页面 端口 8001 被占用 (PID: 94278)
2026-03-25 06:10:55,005 - INFO - 已终止进程 PID: 94278
2026-03-25 06:10:55,043 - WARNING - 前端页面 未运行，尝试启动...
2026-03-25 06:10:55,043 - INFO - 启动服务：前端页面
2026-03-25 06:11:03,606 - INFO - --------------------------------------------------
2026-03-25 06:11:03,606 - INFO - 检查完成：健康=1/2, 修复=0, 失败=1
2026-03-25 06:11:03,607 - INFO - 执行操作:
2026-03-25 06:11:03,607 - INFO -   - 强制释放 前端页面 端口 8001
2026-03-25 06:14:04,483 - INFO - ✅ 后端 API 运行正常
2026-03-25 06:14:04,591 - WARNING - 前端页面 端口 8001 被占用 (PID: 94426)
2026-03-25 06:14:04,592 - INFO - 已终止进程 PID: 94426
2026-03-25 06:14:04,624 - WARNING - 前端页面 未运行，尝试启动...
2026-03-25 06:14:04,624 - INFO - 启动服务：前端页面
2026-03-25 06:14:12,848 - INFO - --------------------------------------------------
2026-03-25 06:14:12,849 - INFO - 检查完成：健康=1/2, 修复=0, 失败=1
2026-03-25 06:14:12,849 - INFO - 执行操作:
2026-03-25 06:14:12,849 - INFO -   - 强制释放 前端页面 端口 8001
2026-03-25 06:17:13,748 - INFO - ✅ 后端 API 运行正常
2026-03-25 06:17:13,870 - WARNING - 前端页面 端口 8001 被占用 (PID: 94542)
2026-03-25 06:17:13,870 - INFO - 已终止进程 PID: 94542
2026-03-25 06:17:13,901 - WARNING - 前端页面 未运行，尝试启动...
2026-03-25 06:17:13,901 - INFO - 启动服务：前端页面
2026-03-25 06:17:22,343 - INFO - --------------------------------------------------
2026-03-25 06:17:22,343 - INFO - 检查完成：健康=1/2, 修复=0, 失败=1
2026-03-25 06:17:22,343 - INFO - 执行操作:
2026-03-25 06:17:22,343 - INFO -   - 强制释放 前端页面 端口 8001
2026-03-25 06:20:23,183 - INFO - ✅ 后端 API 运行正常
2026-03-25 06:20:23,301 - WARNING - 前端页面 端口 8001 被占用 (PID: 94662)
2026-03-25 06:20:23,301 - INFO - 已终止进程 PID: 94662
2026-03-25 06:20:23,340 - WARNING - 前端页面 未运行，尝试启动...
2026-03-25 06:20:23,340 - INFO - 启动服务：前端页面
2026-03-25 06:20:31,599 - INFO - --------------------------------------------------
2026-03-25 06:20:31,599 - INFO - 检查完成：健康=1/2, 修复=0, 失败=1
2026-03-25 06:20:31,599 - INFO - 执行操作:
2026-03-25 06:20:31,599 - INFO -   - 强制释放 前端页面 端口 8001
2026-03-25 06:23:32,497 - INFO - ✅ 后端 API 运行正常
2026-03-25 06:23:32,607 - WARNING - 前端页面 端口 8001 被占用 (PID: 94780)
2026-03-25 06:23:32,608 - INFO - 已终止进程 PID: 94780
2026-03-25 06:23:32,641 - WARNING - 前端页面 未运行，尝试启动...
2026-03-25 06:23:32,641 - INFO - 启动服务：前端页面
2026-03-25 06:23:40,744 - INFO - --------------------------------------------------
2026-03-25 06:23:40,744 - INFO - 检查完成：健康=1/2, 修复=0, 失败=1
2026-03-25 06:23:40,745 - INFO - 执行操作:
2026-03-25 06:23:40,745 - INFO -   - 强制释放 前端页面 端口 8001
2026-03-25 06:26:41,622 - INFO - ✅ 后端 API 运行正常
2026-03-25 06:26:41,732 - WARNING - 前端页面 端口 8001 被占用 (PID: 94893)
2026-03-25 06:26:41,732 - INFO - 已终止进程 PID: 94893
2026-03-25 06:26:41,763 - WARNING - 前端页面 未运行，尝试启动...
2026-03-25 06:26:41,763 - INFO - 启动服务：前端页面
2026-03-25 06:26:50,212 - INFO - --------------------------------------------------
2026-03-25 06:26:50,213 - INFO - 检查完成：健康=1/2, 修复=0, 失败=1
2026-03-25 06:26:50,213 - INFO - 执行操作:
2026-03-25 06:26:50,213 - INFO -   - 强制释放 前端页面 端口 8001
2026-03-25 06:29:51,138 - INFO - ✅ 后端 API 运行正常
2026-03-25 06:29:51,248 - WARNING - 前端页面 端口 8001 被占用 (PID: 95015)
2026-03-25 06:29:51,248 - INFO - 已终止进程 PID: 95015
2026-03-25 06:29:51,282 - WARNING - 前端页面 未运行，尝试启动...
2026-03-25 06:29:51,283 - INFO - 启动服务：前端页面
2026-03-25 06:29:59,720 - INFO - --------------------------------------------------
2026-03-25 06:29:59,745 - INFO - 检查完成：健康=1/2, 修复=0, 失败=1
2026-03-25 06:29:59,746 - INFO - 执行操作:
2026-03-25 06:29:59,746 - INFO -   - 强制释放 前端页面 端口 8001
2026-03-25 06:33:00,690 - INFO - ✅ 后端 API 运行正常
2026-03-25 06:33:00,800 - WARNING - 前端页面 端口 8001 被占用 (PID: 95118)
2026-03-25 06:33:00,800 - INFO - 已终止进程 PID: 95118
2026-03-25 06:33:00,841 - WARNING - 前端页面 未运行，尝试启动...
2026-03-25 06:33:00,841 - INFO - 启动服务：前端页面
2026-03-25 06:33:09,251 - INFO - --------------------------------------------------
2026-03-25 06:33:09,261 - INFO - 检查完成：健康=1/2, 修复=0, 失败=1
2026-03-25 06:33:09,261 - INFO - 执行操作:
2026-03-25 06:33:09,261 - INFO -   - 强制释放 前端页面 端口 8001
2026-03-25 06:36:10,148 - INFO - ✅ 后端 API 运行正常
2026-03-25 06:36:10,256 - WARNING - 前端页面 端口 8001 被占用 (PID: 95280)
2026-03-25 06:36:10,257 - INFO - 已终止进程 PID: 95280
2026-03-25 06:36:10,295 - WARNING - 前端页面 未运行，尝试启动...
2026-03-25 06:36:10,295 - INFO - 启动服务：前端页面
2026-03-25 06:36:18,760 - INFO - --------------------------------------------------
2026-03-25 06:36:18,761 - INFO - 检查完成：健康=1/2, 修复=0, 失败=1
2026-03-25 06:36:18,762 - INFO - 执行操作:
2026-03-25 06:36:18,763 - INFO -   - 强制释放 前端页面 端口 8001
2026-03-25 06:39:19,665 - INFO - ✅ 后端 API 运行正常
2026-03-25 06:39:19,760 - WARNING - 前端页面 端口 8001 被占用 (PID: 95429)
2026-03-25 06:39:19,760 - INFO - 已终止进程 PID: 95429
2026-03-25 06:39:19,798 - WARNING - 前端页面 未运行，尝试启动...
2026-03-25 06:39:19,798 - INFO - 启动服务：前端页面
2026-03-25 06:39:28,384 - INFO - --------------------------------------------------
2026-03-25 06:39:28,385 - INFO - 检查完成：健康=1/2, 修复=0, 失败=1
2026-03-25 06:39:28,385 - INFO - 执行操作:
2026-03-25 06:39:28,385 - INFO -   - 强制释放 前端页面 端口 8001
2026-03-25 06:42:29,256 - INFO - ✅ 后端 API 运行正常
2026-03-25 06:42:29,366 - WARNING - 前端页面 端口 8001 被占用 (PID: 95547)
2026-03-25 06:42:29,366 - INFO - 已终止进程 PID: 95547
2026-03-25 06:42:29,394 - WARNING - 前端页面 未运行，尝试启动...
2026-03-25 06:42:29,394 - INFO - 启动服务：前端页面
2026-03-25 06:42:37,824 - INFO - --------------------------------------------------
2026-03-25 06:42:37,824 - INFO - 检查完成：健康=1/2, 修复=0, 失败=1
2026-03-25 06:42:37,824 - INFO - 执行操作:
2026-03-25 06:42:37,825 - INFO -   - 强制释放 前端页面 端口 8001
2026-03-25 06:45:38,717 - INFO - ✅ 后端 API 运行正常
2026-03-25 06:45:38,847 - WARNING - 前端页面 端口 8001 被占用 (PID: 95672)
2026-03-25 06:45:38,847 - INFO - 已终止进程 PID: 95672
2026-03-25 06:45:38,889 - WARNING - 前端页面 未运行，尝试启动...
2026-03-25 06:45:38,889 - INFO - 启动服务：前端页面
2026-03-25 06:45:47,595 - INFO - --------------------------------------------------
2026-03-25 06:45:47,596 - INFO - 检查完成：健康=1/2, 修复=0, 失败=1
2026-03-25 06:45:47,596 - INFO - 执行操作:
2026-03-25 06:45:47,596 - INFO -   - 强制释放 前端页面 端口 8001
2026-03-25 06:48:48,529 - INFO - ✅ 后端 API 运行正常
2026-03-25 06:48:48,648 - WARNING - 前端页面 端口 8001 被占用 (PID: 95914)
2026-03-25 06:48:48,648 - INFO - 已终止进程 PID: 95914
2026-03-25 06:48:48,688 - WARNING - 前端页面 未运行，尝试启动...
2026-03-25 06:48:48,689 - INFO - 启动服务：前端页面
2026-03-25 06:48:56,785 - INFO - --------------------------------------------------
2026-03-25 06:48:56,787 - INFO - 检查完成：健康=1/2, 修复=0, 失败=1
2026-03-25 06:48:56,787 - INFO - 执行操作:
2026-03-25 06:48:56,787 - INFO -   - 强制释放 前端页面 端口 8001
2026-03-25 06:51:57,770 - INFO - ✅ 后端 API 运行正常
2026-03-25 06:51:57,880 - WARNING - 前端页面 端口 8001 被占用 (PID: 96055)
2026-03-25 06:51:57,880 - INFO - 已终止进程 PID: 96055
2026-03-25 06:51:57,929 - WARNING - 前端页面 未运行，尝试启动...
2026-03-25 06:51:57,929 - INFO - 启动服务：前端页面
2026-03-25 06:52:06,169 - INFO - --------------------------------------------------
2026-03-25 06:52:06,171 - INFO - 检查完成：健康=1/2, 修复=0, 失败=1
2026-03-25 06:52:06,171 - INFO - 执行操作:
2026-03-25 06:52:06,171 - INFO -   - 强制释放 前端页面 端口 8001
2026-03-25 06:55:07,110 - INFO - ✅ 后端 API 运行正常
2026-03-25 06:55:07,210 - WARNING - 前端页面 端口 8001 被占用 (PID: 96236)
2026-03-25 06:55:07,210 - INFO - 已终止进程 PID: 96236
2026-03-25 06:55:07,255 - WARNING - 前端页面 未运行，尝试启动...
2026-03-25 06:55:07,255 - INFO - 启动服务：前端页面
2026-03-25 06:55:16,439 - INFO - --------------------------------------------------
2026-03-25 06:55:16,450 - INFO - 检查完成：健康=1/2, 修复=0, 失败=1
2026-03-25 06:55:16,450 - INFO - 执行操作:
2026-03-25 06:55:16,450 - INFO -   - 强制释放 前端页面 端口 8001
2026-03-25 06:58:17,377 - INFO - ✅ 后端 API 运行正常
2026-03-25 06:58:17,505 - WARNING - 前端页面 端口 8001 被占用 (PID: 96492)
2026-03-25 06:58:17,505 - INFO - 已终止进程 PID: 96492
2026-03-25 06:58:17,546 - WARNING - 前端页面 未运行，尝试启动...
2026-03-25 06:58:17,546 - INFO - 启动服务：前端页面
2026-03-25 06:58:25,964 - INFO - --------------------------------------------------
2026-03-25 06:58:25,964 - INFO - 检查完成：健康=1/2, 修复=0, 失败=1
2026-03-25 06:58:25,964 - INFO - 执行操作:
2026-03-25 06:58:25,964 - INFO -   - 强制释放 前端页面 端口 8001
2026-03-25 07:01:27,019 - INFO - ✅ 后端 API 运行正常
2026-03-25 07:01:27,121 - WARNING - 前端页面 端口 8001 被占用 (PID: 96733)
2026-03-25 07:01:27,122 - INFO - 已终止进程 PID: 96733
2026-03-25 07:01:27,163 - WARNING - 前端页面 未运行，尝试启动...
2026-03-25 07:01:27,163 - INFO - 启动服务：前端页面
2026-03-25 07:01:35,215 - INFO - --------------------------------------------------
2026-03-25 07:01:35,215 - INFO - 检查完成：健康=1/2, 修复=0, 失败=1
2026-03-25 07:01:35,215 - INFO - 执行操作:
2026-03-25 07:01:35,216 - INFO -   - 强制释放 前端页面 端口 8001
2026-03-25 07:03:24,821 - INFO - 收到停止信号，正在关闭...
